{NA <type 'exceptions.ZeroDivisionError'> 'integer division or modulo by zero'
 Traceback (most recent call last):
  File "regression-tests/add_NA_to_set.py", line 4, in <module>
    x = 1 / 0
}
{BUILD_LIST(* NA *) | regression-tests/add_NA_to_set.py <module>:7}
{BUILD_LIST(* NA *) | regression-tests/add_NA_to_set.py <module>:8}
{BUILD_LIST(* NA *) | regression-tests/add_NA_to_set.py <module>:9}
{BUILD_LIST(* NA *) | regression-tests/add_NA_to_set.py <module>:10}
{BUILD_LIST(* NA *) | regression-tests/add_NA_to_set.py <module>:11}
{BUILD_LIST(* NA *) | regression-tests/add_NA_to_set.py <module>:12}
{BUILD_LIST(* NA *) | regression-tests/add_NA_to_set.py <module>:13}
{set.add(NA) | regression-tests/add_NA_to_set.py <module>:17}
{BUILD_LIST(* NA *) | regression-tests/add_NA_to_set.py <module>:19}
