{NA <type 'exceptions.ZeroDivisionError'> 'integer division or modulo by zero'
 Traceback (most recent call last):
  File "regression-tests/NA_ternary_ops.py", line 3, in <module>
    x = 1 / 0

Locals: {'__builtins__': <module '__builtin__' (built-in)>, '__name__': '__main__', '__file__': 'regression-tests/NA_ternary_ops.py', '__doc__': None, '__package__': None}
}
{ternary_op(NA,*,*) | regression-tests/NA_ternary_ops.py <module>:6}
{ternary_op(*,NA,*) | regression-tests/NA_ternary_ops.py <module>:7}
{ternary_op(NA,*,*) | regression-tests/NA_ternary_ops.py <module>:8}
{ternary_op(*,NA,*) | regression-tests/NA_ternary_ops.py <module>:9}
