{NA <type 'exceptions.ValueError'> 'need more than 2 values to unpack'
 Traceback (most recent call last):
  File "regression-tests/unpack_seq.py", line 1, in <module>
    (x, y, z) = "hello,world".split(',')
}
